-20506
-11590
15533
17476
31623
-16181
-31872
-6335
4964
8857
-361
15759
3979
22912
-11183
-4106
-24070
10338
-18728
18157
-19462
2603
-9667
-2063
1238
9219
-8585
-10772
6799
22526
-10865
6249
3994
7183
20276
2825
